-- The CXX compiler identification is GNU 11.4.0
-- Detecting CXX compiler ABI info
-- Detecting CXX compiler ABI info - done
-- Check for working CXX compiler: /usr/bin/c++ - skipped
-- Detecting CXX compile features
-- Detecting CXX compile features - done
CMake Warning (deprecated) at build-render/_deps/eigen-src/CMakeLists.txt:2 (cmake_minimum_required):
  Compatibility with CMake < 3.10 will be removed from a future version of
  CMake.

  Update the VERSION argument <min> value.  Or, use the <min>...<max> syntax
  to tell CMake that the project requires at least <min> but has been updated
  to work with policies introduced by <max> or earlier.
This warning is for project developers.  Use -Wno-author or -Wno-deprecated
to suppress it.

-- The C compiler identification is GNU 11.4.0
-- Detecting C compiler ABI info
-- Detecting C compiler ABI info - done
-- Check for working C compiler: /usr/bin/cc - skipped
-- Detecting C compile features
-- Detecting C compile features - done
-- Performing Test EIGEN_COMPILER_SUPPORT_CPP11
-- Performing Test EIGEN_COMPILER_SUPPORT_CPP11 - Success
-- Performing Test COMPILER_SUPPORT_std=cpp03
-- Performing Test COMPILER_SUPPORT_std=cpp03 - Success
-- Performing Test standard_math_library_linked_to_automatically
-- Performing Test standard_math_library_linked_to_automatically - Success
-- Standard libraries to link to explicitly: none
-- Performing Test COMPILER_SUPPORT_WERROR
-- Performing Test COMPILER_SUPPORT_WERROR - Success
-- Performing Test COMPILER_SUPPORT_pedantic
-- Performing Test COMPILER_SUPPORT_pedantic - Success
-- Performing Test COMPILER_SUPPORT_Wall
-- Performing Test COMPILER_SUPPORT_Wall - Success
-- Performing Test COMPILER_SUPPORT_Wextra
-- Performing Test COMPILER_SUPPORT_Wextra - Success
-- Performing Test COMPILER_SUPPORT_Wundef
-- Performing Test COMPILER_SUPPORT_Wundef - Success
-- Performing Test COMPILER_SUPPORT_Wcastalign
-- Performing Test COMPILER_SUPPORT_Wcastalign - Success
-- Performing Test COMPILER_SUPPORT_Wcharsubscripts
-- Performing Test COMPILER_SUPPORT_Wcharsubscripts - Success
-- Performing Test COMPILER_SUPPORT_Wnonvirtualdtor
-- Performing Test COMPILER_SUPPORT_Wnonvirtualdtor - Success
-- Performing Test COMPILER_SUPPORT_Wunusedlocaltypedefs
-- Performing Test COMPILER_SUPPORT_Wunusedlocaltypedefs - Success
-- Performing Test COMPILER_SUPPORT_Wpointerarith
-- Performing Test COMPILER_SUPPORT_Wpointerarith - Success
-- Performing Test COMPILER_SUPPORT_Wwritestrings
-- Performing Test COMPILER_SUPPORT_Wwritestrings - Success
-- Performing Test COMPILER_SUPPORT_Wformatsecurity
-- Performing Test COMPILER_SUPPORT_Wformatsecurity - Success
-- Performing Test COMPILER_SUPPORT_Wshorten64to32
-- Performing Test COMPILER_SUPPORT_Wshorten64to32 - Failed
-- Performing Test COMPILER_SUPPORT_Wlogicalop
-- Performing Test COMPILER_SUPPORT_Wlogicalop - Success
-- Performing Test COMPILER_SUPPORT_Wenumconversion
-- Performing Test COMPILER_SUPPORT_Wenumconversion - Success
-- Performing Test COMPILER_SUPPORT_Wcpp11extensions
-- Performing Test COMPILER_SUPPORT_Wcpp11extensions - Failed
-- Performing Test COMPILER_SUPPORT_Wdoublepromotion
-- Performing Test COMPILER_SUPPORT_Wdoublepromotion - Success
-- Performing Test COMPILER_SUPPORT_Wshadow
-- Performing Test COMPILER_SUPPORT_Wshadow - Success
-- Performing Test COMPILER_SUPPORT_Wnopsabi
-- Performing Test COMPILER_SUPPORT_Wnopsabi - Success
-- Performing Test COMPILER_SUPPORT_Wnovariadicmacros
-- Performing Test COMPILER_SUPPORT_Wnovariadicmacros - Success
-- Performing Test COMPILER_SUPPORT_Wnolonglong
-- Performing Test COMPILER_SUPPORT_Wnolonglong - Success
-- Performing Test COMPILER_SUPPORT_fnochecknew
-- Performing Test COMPILER_SUPPORT_fnochecknew - Success
-- Performing Test COMPILER_SUPPORT_fnocommon
-- Performing Test COMPILER_SUPPORT_fnocommon - Success
-- Performing Test COMPILER_SUPPORT_fstrictaliasing
-- Performing Test COMPILER_SUPPORT_fstrictaliasing - Success
-- Performing Test COMPILER_SUPPORT_wd981
-- Performing Test COMPILER_SUPPORT_wd981 - Failed
-- Performing Test COMPILER_SUPPORT_wd2304
-- Performing Test COMPILER_SUPPORT_wd2304 - Failed
-- Performing Test COMPILER_SUPPORT_STRICTANSI
-- Performing Test COMPILER_SUPPORT_STRICTANSI - Failed
-- Performing Test COMPILER_SUPPORT_Qunusedarguments
-- Performing Test COMPILER_SUPPORT_Qunusedarguments - Failed
-- Performing Test COMPILER_SUPPORT_ansi
-- Performing Test COMPILER_SUPPORT_ansi - Success
-- Performing Test COMPILER_SUPPORT_OPENMP
-- Performing Test COMPILER_SUPPORT_OPENMP - Success
-- Looking for a Fortran compiler
-- Looking for a Fortran compiler - NOTFOUND
-- Found unsuitable Qt version "" from NOTFOUND
-- Qt4 not found, so disabling the mandelbrot and opengl demos
-- Could NOT find CHOLMOD (missing: CHOLMOD_INCLUDES CHOLMOD_LIBRARIES) 
-- Could NOT find UMFPACK (missing: UMFPACK_INCLUDES UMFPACK_LIBRARIES) 
-- Could NOT find KLU (missing: KLU_INCLUDES KLU_LIBRARIES) 
-- Could NOT find SuperLU (missing: SUPERLU_INCLUDES SUPERLU_LIBRARIES SUPERLU_VERSION_OK) (Required is at least version "4.0")
-- Checking for one of the modules 'hwloc'
-- A version of Pastix has been found but pastix_nompi.h does not exist in the include directory. Because Eigen tests require a version without MPI, we disable the Pastix backend.
-- 
-- Configured Eigen 3.4.0
-- 
-- Available targets (use: make TARGET):
-- ---------+--------------------------------------------------------------
-- Target   |   Description
-- ---------+--------------------------------------------------------------
-- install  | Install Eigen. Headers will be installed to:
--          |     <CMAKE_INSTALL_PREFIX>/<INCLUDE_INSTALL_DIR>
--          |   Using the following values:
--          |     CMAKE_INSTALL_PREFIX: /usr/local
--          |     INCLUDE_INSTALL_DIR:  include/eigen3
--          |   Change the install location of Eigen headers using:
--          |     cmake . -DCMAKE_INSTALL_PREFIX=yourprefix
--          |   Or:
--          |     cmake . -DINCLUDE_INSTALL_DIR=yourdir
-- doc      | Generate the API documentation, requires Doxygen & LaTeX
-- blas     | Build BLAS library (not the same thing as Eigen)
-- uninstall| Remove files installed by the install target
-- ---------+--------------------------------------------------------------
-- 
-- Found OpenMP_C: -fopenmp (found version "4.5")
-- Found OpenMP_CXX: -fopenmp (found version "4.5")
-- Found OpenMP: TRUE (found version "4.5")
Building TinyAD in Release mode
CMake Warning (deprecated) at build-render/_deps/polyscope-src/deps/glm/CMakeLists.txt:1 (cmake_minimum_required):
  Compatibility with CMake < 3.10 will be removed from a future version of
  CMake.

  Update the VERSION argument <min> value.  Or, use the <min>...<max> syntax
  to tell CMake that the project requires at least <min> but has been updated
  to work with policies introduced by <max> or earlier.
This warning is for project developers.  Use -Wno-author or -Wno-deprecated
to suppress it.

CMake Warning (deprecated) at build-render/_deps/polyscope-src/deps/glm/CMakeLists.txt:2 (cmake_policy):
  Compatibility with CMake < 3.10 will be removed from a future version of
  CMake.

  Update the VERSION argument <min> value.  Or, use the <min>...<max> syntax
  to tell CMake that the project requires at least <min> but has been updated
  to work with policies introduced by <max> or earlier.
This warning is for project developers.  Use -Wno-author or -Wno-deprecated
to suppress it.

-- GLM: Version 1.0.1
-- GLM: Build with C++ features auto detection
CMake Warning (deprecated) at build-render/_deps/polyscope-src/deps/imgui/CMakeLists.txt:1 (cmake_minimum_required):
  Compatibility with CMake < 3.10 will be removed from a future version of
  CMake.

  Update the VERSION argument <min> value.  Or, use the <min>...<max> syntax
  to tell CMake that the project requires at least <min> but has been updated
  to work with policies introduced by <max> or earlier.
This warning is for project developers.  Use -Wno-author or -Wno-deprecated
to suppress it.

-- Looking for C++ include EGL/egl.h
-- Looking for C++ include EGL/egl.h - found
Polyscope backend openGL3_egl enabled
Polyscope backend openGL_mock enabled
-- Configuring done (39.3s)
-- Generating done (0.1s)
-- Build files have been written to: /home/horde/projects/bending-active-cosserat/build-render
[  1%] Building CXX object _deps/polyscope-build/deps/stb/CMakeFiles/stb.dir/stb_impl.cpp.o
[  5%] Building CXX object CMakeFiles/bac_core.dir/src/MeshConnectivity.cpp.o
[  5%] Building CXX object _deps/polyscope-build/deps/glm/glm/CMakeFiles/glm.dir/detail/glm.cpp.o
[  5%] Building CXX object _deps/polyscope-build/deps/imgui/CMakeFiles/imgui.dir/imgui/imgui.cpp.o
[  6%] Building CXX object _deps/polyscope-build/deps/imgui/CMakeFiles/imgui.dir/imgui/imgui_tables.cpp.o
[  6%] Building CXX object _deps/polyscope-build/deps/imgui/CMakeFiles/imgui.dir/imgui/imgui_widgets.cpp.o
[  8%] Building CXX object _deps/polyscope-build/deps/imgui/CMakeFiles/imgui.dir/imgui/imgui_demo.cpp.o
[  8%] Building CXX object _deps/polyscope-build/deps/imgui/CMakeFiles/imgui.dir/imgui/imgui_draw.cpp.o
[ 10%] Linking CXX static library libbac_core.a
[ 10%] Built target bac_core
[ 10%] Linking CXX static library libglm.a
[ 10%] Built target glm
[ 10%] Linking CXX static library libstb.a
[ 10%] Built target stb
[ 10%] Linking CXX static library libimgui.a
[ 10%] Built target imgui
[ 11%] Building CXX object _deps/polyscope-build/src/CMakeFiles/polyscope.dir/polyscope.cpp.o
[ 11%] Building CXX object _deps/polyscope-build/src/CMakeFiles/polyscope.dir/options.cpp.o
[ 13%] Building CXX object _deps/polyscope-build/src/CMakeFiles/polyscope.dir/internal.cpp.o
[ 16%] Building CXX object _deps/polyscope-build/src/CMakeFiles/polyscope.dir/structure.cpp.o
[ 16%] Building CXX object _deps/polyscope-build/src/CMakeFiles/polyscope.dir/quantity.cpp.o
[ 18%] Building CXX object _deps/polyscope-build/src/CMakeFiles/polyscope.dir/group.cpp.o
[ 18%] Building CXX object _deps/polyscope-build/src/CMakeFiles/polyscope.dir/state.cpp.o
[ 18%] Building CXX object _deps/polyscope-build/src/CMakeFiles/polyscope.dir/utilities.cpp.o
[ 18%] Building CXX object _deps/polyscope-build/src/CMakeFiles/polyscope.dir/view.cpp.o
[ 20%] Building CXX object _deps/polyscope-build/src/CMakeFiles/polyscope.dir/screenshot.cpp.o
[ 20%] Building CXX object _deps/polyscope-build/src/CMakeFiles/polyscope.dir/messages.cpp.o
[ 22%] Building CXX object _deps/polyscope-build/src/CMakeFiles/polyscope.dir/pick.cpp.o
[ 22%] Building CXX object _deps/polyscope-build/src/CMakeFiles/polyscope.dir/widget.cpp.o
[ 23%] Building CXX object _deps/polyscope-build/src/CMakeFiles/polyscope.dir/render/engine.cpp.o
[ 23%] Building CXX object _deps/polyscope-build/src/CMakeFiles/polyscope.dir/render/color_maps.cpp.o
[ 25%] Building CXX object _deps/polyscope-build/src/CMakeFiles/polyscope.dir/render/ground_plane.cpp.o
[ 25%] Building CXX object _deps/polyscope-build/src/CMakeFiles/polyscope.dir/render/materials.cpp.o
[ 27%] Building CXX object _deps/polyscope-build/src/CMakeFiles/polyscope.dir/render/initialize_backend.cpp.o
[ 27%] Building CXX object _deps/polyscope-build/src/CMakeFiles/polyscope.dir/render/shader_builder.cpp.o
[ 28%] Building CXX object _deps/polyscope-build/src/CMakeFiles/polyscope.dir/render/managed_buffer.cpp.o
[ 28%] Building CXX object _deps/polyscope-build/src/CMakeFiles/polyscope.dir/render/templated_buffers.cpp.o
[ 30%] Building CXX object _deps/polyscope-build/src/CMakeFiles/polyscope.dir/disjoint_sets.cpp.o
[ 30%] Building CXX object _deps/polyscope-build/src/CMakeFiles/polyscope.dir/file_helpers.cpp.o
[ 32%] Building CXX object _deps/polyscope-build/src/CMakeFiles/polyscope.dir/camera_parameters.cpp.o
[ 32%] Building CXX object _deps/polyscope-build/src/CMakeFiles/polyscope.dir/histogram.cpp.o
[ 33%] Building CXX object _deps/polyscope-build/src/CMakeFiles/polyscope.dir/persistent_value.cpp.o
[ 35%] Building CXX object _deps/polyscope-build/src/CMakeFiles/polyscope.dir/color_management.cpp.o
[ 35%] Building CXX object _deps/polyscope-build/src/CMakeFiles/polyscope.dir/transformation_gizmo.cpp.o
[ 37%] Building CXX object _deps/polyscope-build/src/CMakeFiles/polyscope.dir/slice_plane.cpp.o
[ 37%] Building CXX object _deps/polyscope-build/src/CMakeFiles/polyscope.dir/weak_handle.cpp.o
[ 38%] Building CXX object _deps/polyscope-build/src/CMakeFiles/polyscope.dir/marching_cubes.cpp.o
[ 38%] Building CXX object _deps/polyscope-build/src/CMakeFiles/polyscope.dir/elementary_geometry.cpp.o
[ 40%] Building CXX object _deps/polyscope-build/src/CMakeFiles/polyscope.dir/point_cloud.cpp.o
[ 40%] Building CXX object _deps/polyscope-build/src/CMakeFiles/polyscope.dir/point_cloud_color_quantity.cpp.o
[ 42%] Building CXX object _deps/polyscope-build/src/CMakeFiles/polyscope.dir/point_cloud_scalar_quantity.cpp.o
[ 42%] Building CXX object _deps/polyscope-build/src/CMakeFiles/polyscope.dir/point_cloud_vector_quantity.cpp.o
[ 44%] Building CXX object _deps/polyscope-build/src/CMakeFiles/polyscope.dir/point_cloud_parameterization_quantity.cpp.o
[ 44%] Building CXX object _deps/polyscope-build/src/CMakeFiles/polyscope.dir/surface_mesh.cpp.o
[ 45%] Building CXX object _deps/polyscope-build/src/CMakeFiles/polyscope.dir/surface_color_quantity.cpp.o
[ 45%] Building CXX object _deps/polyscope-build/src/CMakeFiles/polyscope.dir/surface_scalar_quantity.cpp.o
[ 47%] Building CXX object _deps/polyscope-build/src/CMakeFiles/polyscope.dir/surface_vector_quantity.cpp.o
[ 47%] Building CXX object _deps/polyscope-build/src/CMakeFiles/polyscope.dir/surface_parameterization_quantity.cpp.o
[ 49%] Building CXX object _deps/polyscope-build/src/CMakeFiles/polyscope.dir/curve_network.cpp.o
[ 49%] Building CXX object _deps/polyscope-build/src/CMakeFiles/polyscope.dir/curve_network_color_quantity.cpp.o
[ 50%] Building CXX object _deps/polyscope-build/src/CMakeFiles/polyscope.dir/curve_network_scalar_quantity.cpp.o
[ 50%] Building CXX object _deps/polyscope-build/src/CMakeFiles/polyscope.dir/curve_network_vector_quantity.cpp.o
[ 52%] Building CXX object _deps/polyscope-build/src/CMakeFiles/polyscope.dir/volume_mesh.cpp.o
[ 54%] Building CXX object _deps/polyscope-build/src/CMakeFiles/polyscope.dir/volume_mesh_color_quantity.cpp.o
[ 54%] Building CXX object _deps/polyscope-build/src/CMakeFiles/polyscope.dir/volume_mesh_scalar_quantity.cpp.o
[ 55%] Building CXX object _deps/polyscope-build/src/CMakeFiles/polyscope.dir/volume_mesh_vector_quantity.cpp.o
[ 55%] Building CXX object _deps/polyscope-build/src/CMakeFiles/polyscope.dir/volume_grid.cpp.o
[ 57%] Building CXX object _deps/polyscope-build/src/CMakeFiles/polyscope.dir/volume_grid_scalar_quantity.cpp.o
[ 57%] Building CXX object _deps/polyscope-build/src/CMakeFiles/polyscope.dir/camera_view.cpp.o
[ 59%] Building CXX object _deps/polyscope-build/src/CMakeFiles/polyscope.dir/simple_triangle_mesh.cpp.o
[ 59%] Building CXX object _deps/polyscope-build/src/CMakeFiles/polyscope.dir/floating_quantity_structure.cpp.o
[ 61%] Building CXX object _deps/polyscope-build/src/CMakeFiles/polyscope.dir/floating_quantity.cpp.o
[ 61%] Building CXX object _deps/polyscope-build/src/CMakeFiles/polyscope.dir/image_quantity_base.cpp.o
[ 62%] Building CXX object _deps/polyscope-build/src/CMakeFiles/polyscope.dir/scalar_image_quantity.cpp.o
[ 62%] Building CXX object _deps/polyscope-build/src/CMakeFiles/polyscope.dir/color_image_quantity.cpp.o
[ 64%] Building CXX object _deps/polyscope-build/src/CMakeFiles/polyscope.dir/render_image_quantity_base.cpp.o
[ 64%] Building CXX object _deps/polyscope-build/src/CMakeFiles/polyscope.dir/depth_render_image_quantity.cpp.o
[ 66%] Building CXX object _deps/polyscope-build/src/CMakeFiles/polyscope.dir/color_render_image_quantity.cpp.o
[ 66%] Building CXX object _deps/polyscope-build/src/CMakeFiles/polyscope.dir/scalar_render_image_quantity.cpp.o
[ 67%] Building CXX object _deps/polyscope-build/src/CMakeFiles/polyscope.dir/raw_color_render_image_quantity.cpp.o
[ 67%] Building CXX object _deps/polyscope-build/src/CMakeFiles/polyscope.dir/raw_color_alpha_render_image_quantity.cpp.o
[ 69%] Building CXX object _deps/polyscope-build/src/CMakeFiles/polyscope.dir/imgui_config.cpp.o
[ 69%] Building CXX object _deps/polyscope-build/src/CMakeFiles/polyscope.dir/fullscreen_artist.cpp.o
[ 71%] Building CXX object _deps/polyscope-build/src/CMakeFiles/polyscope.dir/render/bindata/bindata_font_lato_regular.cpp.o
[ 72%] Building CXX object _deps/polyscope-build/src/CMakeFiles/polyscope.dir/render/bindata/bindata_font_cousine_regular.cpp.o
[ 72%] Building CXX object _deps/polyscope-build/src/CMakeFiles/polyscope.dir/render/bindata/concrete_seamless.cpp.o
[ 74%] Building CXX object _deps/polyscope-build/src/CMakeFiles/polyscope.dir/render/bindata/bindata_clay.cpp.o
[ 74%] Building CXX object _deps/polyscope-build/src/CMakeFiles/polyscope.dir/render/bindata/bindata_wax.cpp.o
[ 76%] Building CXX object _deps/polyscope-build/src/CMakeFiles/polyscope.dir/render/bindata/bindata_candy.cpp.o
[ 76%] Building CXX object _deps/polyscope-build/src/CMakeFiles/polyscope.dir/render/bindata/bindata_flat.cpp.o
[ 77%] Building CXX object _deps/polyscope-build/src/CMakeFiles/polyscope.dir/render/bindata/bindata_mud.cpp.o
[ 77%] Building CXX object _deps/polyscope-build/src/CMakeFiles/polyscope.dir/render/bindata/bindata_ceramic.cpp.o
[ 79%] Building CXX object _deps/polyscope-build/src/CMakeFiles/polyscope.dir/render/bindata/bindata_jade.cpp.o
[ 79%] Building CXX object _deps/polyscope-build/src/CMakeFiles/polyscope.dir/render/bindata/bindata_normal.cpp.o
[ 81%] Building CXX object _deps/polyscope-build/src/CMakeFiles/polyscope.dir/render/opengl/gl_engine.cpp.o
[ 81%] Building CXX object _deps/polyscope-build/src/CMakeFiles/polyscope.dir/render/opengl/gl_engine_glfw.cpp.o
[ 83%] Building CXX object _deps/polyscope-build/src/CMakeFiles/polyscope.dir/render/opengl/gl_engine_egl.cpp.o
[ 83%] Building CXX object _deps/polyscope-build/src/CMakeFiles/polyscope.dir/render/mock_opengl/mock_gl_engine.cpp.o
In file included from /home/horde/projects/bending-active-cosserat/build-render/_deps/polyscope-src/src/render/opengl/gl_engine.cpp:6:
/home/horde/projects/bending-active-cosserat/build-render/_deps/polyscope-src/src/../include/polyscope/render/opengl/gl_engine.h:20:10: fatal error: glad/glad.h: No such file or directory
   20 | #include "glad/glad.h"
      |          ^~~~~~~~~~~~~
compilation terminated.
gmake[3]: *** [_deps/polyscope-build/src/CMakeFiles/polyscope.dir/build.make:1171: _deps/polyscope-build/src/CMakeFiles/polyscope.dir/render/opengl/gl_engine.cpp.o] Error 1
gmake[3]: *** Waiting for unfinished jobs....
In file included from /home/horde/projects/bending-active-cosserat/build-render/_deps/polyscope-src/src/render/opengl/gl_engine_egl.cpp:7:
/home/horde/projects/bending-active-cosserat/build-render/_deps/polyscope-src/src/../include/polyscope/render/opengl/gl_engine_egl.h:12:10: fatal error: glad/glad.h: No such file or directory
   12 | #include "glad/glad.h"
      |          ^~~~~~~~~~~~~
compilation terminated.
gmake[3]: *** [_deps/polyscope-build/src/CMakeFiles/polyscope.dir/build.make:1199: _deps/polyscope-build/src/CMakeFiles/polyscope.dir/render/opengl/gl_engine_egl.cpp.o] Error 1
gmake[2]: *** [CMakeFiles/Makefile2:1236: _deps/polyscope-build/src/CMakeFiles/polyscope.dir/all] Error 2
gmake[1]: *** [CMakeFiles/Makefile2:693: CMakeFiles/render_frames.dir/rule] Error 2
gmake: *** [Makefile:234: render_frames] Error 2
RENDER_BUILD_DONE exit=2
